<html>
<body>
<pre>
<h1>µVision Build Log</h1>
<h2>Tool Versions:</h2>
IDE-Version: µVision V5.33.0.0
Copyright (C) 2020 ARM Ltd and ARM Germany GmbH. All rights reserved.
License Information: asd asd, asd, LIC=----
 
Tool Versions:
Toolchain:       MDK-Lite  Version: 5.33.0.0
Toolchain Path:  C:\Keil_v5\ARM\ARMCC\Bin
C Compiler:      Armcc.exe V5.06 update 7 (build 960)
Assembler:       Armasm.exe V5.06 update 7 (build 960)
Linker/Locator:  ArmLink.exe V5.06 update 7 (build 960)
Library Manager: ArmAr.exe V5.06 update 7 (build 960)
Hex Converter:   FromElf.exe V5.06 update 7 (build 960)
CPU DLL:         SARMCM3.DLL V5.33.0.0
Dialog DLL:      DLM.DLL V1.26.0.0
    Target DLL: lmidk-agdi.dll
Dialog DLL:      TLM.DLL V1.24.0.0
 
<h2>Project:</h2>
C:\GIT\PDL-LM3S-1900\DriverLib\boards\ek-lm3s2965_revc\qs_ek-lm3s2965_revc\qs_ek-lm3s2965_revc.uvproj
Project File Date:  03/24/2024

<h2>Output:</h2>
*** Using Compiler 'V5.06 update 7 (build 960)', folder: 'C:\Keil_v5\ARM\ARMCC\Bin'
Rebuild target 'qs_ek-lm3s2965_revc'
assembling startup_rvmdk.S...
compiling images.c...
compiling can_net.c...
compiling screen_saver.c...
compiling sounds.c...
compiling audio.c...
compiling random.c...
compiling rit128x96x4.c...
compiling qs_ek-lm3s2965_revc.c...
compiling game.c...
linking...
Program Size: Code=12768 RO-data=13400 RW-data=188 ZI-data=19444  
After Build - User command #1: fromelf --bin --output .\rvmdk\qs_ek-lm3s2965_revc.bin .\rvmdk\qs_ek-lm3s2965_revc.axf
".\rvmdk\qs_ek-lm3s2965_revc.axf" - 0 Error(s), 0 Warning(s).
Build Time Elapsed:  00:00:01
</pre>
</body>
</html>
